[INFO] Scanning for projects...
[INFO] 
[INFO] --------------------------< com.example:demo >--------------------------
[INFO] Building demo 0.0.1-SNAPSHOT
[INFO]   from pom.xml
[INFO] --------------------------------[ jar ]---------------------------------
[INFO] 
[INFO] >>> spring-boot:3.5.14:run (default-cli) > test-compile @ demo >>>
[INFO] 
[INFO] --- resources:3.3.1:resources (default-resources) @ demo ---
[INFO] Copying 3 resources from src\main\resources to target\classes
[INFO] Copying 1 resource from src\main\resources to target\classes
[INFO] 
[INFO] --- compiler:3.14.1:compile (default-compile) @ demo ---
[INFO] Nothing to compile - all classes are up to date.
[INFO] 
[INFO] --- resources:3.3.1:testResources (default-testResources) @ demo ---
[INFO] Copying 1 resource from src\test\resources to target\test-classes
[INFO] 
[INFO] --- compiler:3.14.1:testCompile (default-testCompile) @ demo ---
[INFO] Nothing to compile - all classes are up to date.
[INFO] 
[INFO] <<< spring-boot:3.5.14:run (default-cli) < test-compile @ demo <<<
[INFO] 
[INFO] 
[INFO] --- spring-boot:3.5.14:run (default-cli) @ demo ---
[INFO] Attaching agents: []

  .   ____          _            __ _ _
 /\\ / ___'_ __ _ _(_)_ __  __ _ \ \ \ \
( ( )\___ | '_ | '_| | '_ \/ _` | \ \ \ \
 \\/  ___)| |_)| | | | | || (_| |  ) ) ) )
  '  |____| .__|_| |_|_| |_\__, | / / / /
 =========|_|==============|___/=/_/_/_/

 :: Spring Boot ::               (v3.5.14)

2026-05-26T21:38:18.341-03:00  INFO 19996 --- [wofertas-dev] [  restartedMain] com.example.demo.DemoApplication         : Starting DemoApplication using Java 21.0.9 with PID 19996 (C:\Users\Felix\Downloads\DemoCorrigida\Demo_Mongo_teste\target\classes started by Felix in C:\Users\Felix\Downloads\DemoCorrigida\Demo_Mongo_teste)
2026-05-26T21:38:18.400-03:00 DEBUG 19996 --- [wofertas-dev] [  restartedMain] com.example.demo.DemoApplication         : Running with Spring Boot v3.5.14, Spring v6.2.18
2026-05-26T21:38:18.402-03:00  INFO 19996 --- [wofertas-dev] [  restartedMain] com.example.demo.DemoApplication         : The following 1 profile is active: "dev"
2026-05-26T21:38:18.475-03:00  INFO 19996 --- [wofertas-dev] [  restartedMain] .e.DevToolsPropertyDefaultsPostProcessor : Devtools property defaults active! Set 'spring.devtools.add-properties' to 'false' to disable
2026-05-26T21:38:18.489-03:00  INFO 19996 --- [wofertas-dev] [  restartedMain] .e.DevToolsPropertyDefaultsPostProcessor : For additional web related logging consider setting the 'logging.level.web' property to 'DEBUG'
2026-05-26T21:38:20.388-03:00  INFO 19996 --- [wofertas-dev] [  restartedMain] .s.d.r.c.RepositoryConfigurationDelegate : Bootstrapping Spring Data MongoDB repositories in DEFAULT mode.
2026-05-26T21:38:20.570-03:00  INFO 19996 --- [wofertas-dev] [  restartedMain] .s.d.r.c.RepositoryConfigurationDelegate : Finished Spring Data repository scanning in 110 ms. Found 8 MongoDB repository interfaces.
2026-05-26T21:38:21.612-03:00  INFO 19996 --- [wofertas-dev] [  restartedMain] o.s.b.w.embedded.tomcat.TomcatWebServer  : Tomcat initialized with port 8080 (http)
2026-05-26T21:38:21.878-03:00  INFO 19996 --- [wofertas-dev] [  restartedMain] o.apache.catalina.core.StandardService   : Starting service [Tomcat]
2026-05-26T21:38:21.880-03:00  INFO 19996 --- [wofertas-dev] [  restartedMain] o.apache.catalina.core.StandardEngine    : Starting Servlet engine: [Apache Tomcat/10.1.54]
2026-05-26T21:38:21.969-03:00  INFO 19996 --- [wofertas-dev] [  restartedMain] o.a.c.c.C.[Tomcat].[localhost].[/]       : Initializing Spring embedded WebApplicationContext
2026-05-26T21:38:22.028-03:00  INFO 19996 --- [wofertas-dev] [  restartedMain] w.s.c.ServletWebServerApplicationContext : Root WebApplicationContext: initialization completed in 3535 ms
2026-05-26T21:38:22.595-03:00  INFO 19996 --- [wofertas-dev] [  restartedMain] org.mongodb.driver.client                : MongoClient with metadata {"driver": {"name": "mongo-java-driver|sync|spring-boot", "version": "5.5.2"}, "os": {"type": "Windows", "name": "Windows 11", "architecture": "amd64", "version": "10.0"}, "platform": "Java/Oracle Corporation/21.0.9+7-LTS-338"} created with settings MongoClientSettings{readPreference=primary, writeConcern=WriteConcern{w=null, wTimeout=null ms, journal=null}, retryWrites=true, retryReads=true, readConcern=ReadConcern{level=null}, credential=null, transportSettings=null, commandListeners=[io.micrometer.core.instrument.binder.mongodb.MongoMetricsCommandListener@7a1bc060], codecRegistry=ProvidersCodecRegistry{codecProviders=[ValueCodecProvider{}, BsonValueCodecProvider{}, DBRefCodecProvider{}, DBObjectCodecProvider{}, DocumentCodecProvider{}, CollectionCodecProvider{}, IterableCodecProvider{}, MapCodecProvider{}, GeoJsonCodecProvider{}, GridFSFileCodecProvider{}, Jsr310CodecProvider{}, JsonObjectCodecProvider{}, BsonCodecProvider{}, EnumCodecProvider{}, com.mongodb.client.model.mql.ExpressionCodecProvider@144e1f3, com.mongodb.Jep395RecordCodecProvider@2f5ff271, com.mongodb.KotlinCodecProvider@2b72f7a0]}, loggerSettings=LoggerSettings{maxDocumentLength=1000}, clusterSettings={hosts=[localhost:27017], srvServiceName=mongodb, mode=SINGLE, requiredClusterType=UNKNOWN, requiredReplicaSetName='null', serverSelector='null', clusterListeners='[]', serverSelectionTimeout='30000 ms', localThreshold='15 ms'}, socketSettings=SocketSettings{connectTimeoutMS=10000, readTimeoutMS=0, receiveBufferSize=0, proxySettings=ProxySettings{host=null, port=null, username=null, password=null}}, heartbeatSocketSettings=SocketSettings{connectTimeoutMS=10000, readTimeoutMS=10000, receiveBufferSize=0, proxySettings=ProxySettings{host=null, port=null, username=null, password=null}}, connectionPoolSettings=ConnectionPoolSettings{maxSize=100, minSize=0, maxWaitTimeMS=120000, maxConnectionLifeTimeMS=0, maxConnectionIdleTimeMS=0, maintenanceInitialDelayMS=0, maintenanceFrequencyMS=60000, connectionPoolListeners=[io.micrometer.core.instrument.binder.mongodb.MongoMetricsConnectionPoolListener@fce2a6e], maxConnecting=2}, serverSettings=ServerSettings{heartbeatFrequencyMS=10000, minHeartbeatFrequencyMS=500, serverMonitoringMode=AUTO, serverListeners='[]', serverMonitorListeners='[]'}, sslSettings=SslSettings{enabled=false, invalidHostNameAllowed=false, context=null}, applicationName='null', compressorList=[], uuidRepresentation=JAVA_LEGACY, serverApi=null, autoEncryptionSettings=null, dnsClient=null, inetAddressResolver=null, contextProvider=null, timeoutMS=null}
2026-05-26T21:38:22.624-03:00  INFO 19996 --- [wofertas-dev] [localhost:27017] org.mongodb.driver.cluster               : Monitor thread successfully connected to server with description ServerDescription{address=localhost:27017, type=STANDALONE, cryptd=false, state=CONNECTED, ok=true, minWireVersion=0, maxWireVersion=27, maxDocumentSize=16777216, logicalSessionTimeoutMinutes=30, roundTripTimeNanos=31576400, minRoundTripTimeNanos=0}
2026-05-26T21:38:23.605-03:00 DEBUG 19996 --- [wofertas-dev] [  restartedMain] c.example.demo.security.JwtAuthFilter    : Filter 'jwtAuthFilter' configured for use
2026-05-26T21:38:23.671-03:00  INFO 19996 --- [wofertas-dev] [  restartedMain] o.s.b.d.a.OptionalLiveReloadServer       : LiveReload server is running on port 35729
2026-05-26T21:38:24.415-03:00  INFO 19996 --- [wofertas-dev] [  restartedMain] r$InitializeUserDetailsManagerConfigurer : Global AuthenticationManager configured with UserDetailsService bean with name customUserDetailsService
2026-05-26T21:38:25.092-03:00  INFO 19996 --- [wofertas-dev] [  restartedMain] o.s.b.a.e.web.EndpointLinksResolver      : Exposing 3 endpoints beneath base path '/actuator'
2026-05-26T21:38:25.273-03:00 DEBUG 19996 --- [wofertas-dev] [  restartedMain] o.s.s.web.DefaultSecurityFilterChain     : Will secure any request with filters: DisableEncodeUrlFilter, WebAsyncManagerIntegrationFilter, SecurityContextHolderFilter, HeaderWriterFilter, CorsFilter, LogoutFilter, JwtAuthFilter, RequestCacheAwareFilter, SecurityContextHolderAwareRequestFilter, AnonymousAuthenticationFilter, SessionManagementFilter, ExceptionTranslationFilter, AuthorizationFilter
2026-05-26T21:38:25.818-03:00  INFO 19996 --- [wofertas-dev] [  restartedMain] o.s.b.w.embedded.tomcat.TomcatWebServer  : Tomcat started on port 8080 (http) with context path '/'
2026-05-26T21:38:25.852-03:00  INFO 19996 --- [wofertas-dev] [  restartedMain] com.example.demo.DemoApplication         : Started DemoApplication in 8.335 seconds (process running for 9.055)
2026-05-26T21:39:16.266-03:00  INFO 19996 --- [wofertas-dev] [0.0-8080-exec-1] o.a.c.c.C.[Tomcat].[localhost].[/]       : Initializing Spring DispatcherServlet 'dispatcherServlet'
2026-05-26T21:39:16.267-03:00  INFO 19996 --- [wofertas-dev] [0.0-8080-exec-1] o.s.web.servlet.DispatcherServlet        : Initializing Servlet 'dispatcherServlet'
2026-05-26T21:39:16.270-03:00  INFO 19996 --- [wofertas-dev] [0.0-8080-exec-1] o.s.web.servlet.DispatcherServlet        : Completed initialization in 2 ms
2026-05-26T21:39:16.305-03:00 DEBUG 19996 --- [wofertas-dev] [0.0-8080-exec-1] o.s.security.web.FilterChainProxy        : Securing POST /api/auth/signup
2026-05-26T21:39:16.327-03:00 DEBUG 19996 --- [wofertas-dev] [0.0-8080-exec-1] o.s.s.w.a.AnonymousAuthenticationFilter  : Set SecurityContextHolder to anonymous SecurityContext
2026-05-26T21:39:16.341-03:00 DEBUG 19996 --- [wofertas-dev] [0.0-8080-exec-1] o.s.security.web.FilterChainProxy        : Secured POST /api/auth/signup
2026-05-26T21:39:16.414-03:00  INFO 19996 --- [wofertas-dev] [0.0-8080-exec-1] c.example.demo.service.MercadoService    : Criando mercado: Mercado Web Smoke
2026-05-26T21:39:17.244-03:00 DEBUG 19996 --- [wofertas-dev] [0.0-8080-exec-2] o.s.security.web.FilterChainProxy        : Securing POST /api/auth/login
2026-05-26T21:39:17.275-03:00 DEBUG 19996 --- [wofertas-dev] [0.0-8080-exec-2] o.s.s.w.a.AnonymousAuthenticationFilter  : Set SecurityContextHolder to anonymous SecurityContext
2026-05-26T21:39:17.277-03:00 DEBUG 19996 --- [wofertas-dev] [0.0-8080-exec-2] o.s.security.web.FilterChainProxy        : Secured POST /api/auth/login
2026-05-26T21:39:17.416-03:00 DEBUG 19996 --- [wofertas-dev] [0.0-8080-exec-2] com.example.demo.service.AuthService     : Tentando autenticar usuario com email: mercado.web.20260526213915@teste.com
2026-05-26T21:39:17.741-03:00  INFO 19996 --- [wofertas-dev] [0.0-8080-exec-2] com.example.demo.service.AuthService     : Mercado autenticado com sucesso: mercado.web.20260526213915@teste.com
2026-05-26T21:39:17.901-03:00 DEBUG 19996 --- [wofertas-dev] [0.0-8080-exec-3] o.s.security.web.FilterChainProxy        : Securing GET /api/analytics/dashboard
2026-05-26T21:39:17.973-03:00 DEBUG 19996 --- [wofertas-dev] [0.0-8080-exec-3] c.example.demo.security.JwtAuthFilter    : Usuário autenticado: mercado.web.20260526213915@teste.com
2026-05-26T21:39:18.004-03:00 DEBUG 19996 --- [wofertas-dev] [0.0-8080-exec-3] o.s.security.web.FilterChainProxy        : Secured GET /api/analytics/dashboard
2026-05-26T21:39:18.013-03:00  INFO 19996 --- [wofertas-dev] [0.0-8080-exec-3] c.e.demo.controller.AnalyticsController  : Gerando análise de clientes para o mercado: Mercado Web Smoke
2026-05-26T21:39:18.154-03:00 DEBUG 19996 --- [wofertas-dev] [0.0-8080-exec-4] o.s.security.web.FilterChainProxy        : Securing GET /analytics/dashboard
2026-05-26T21:39:18.163-03:00 DEBUG 19996 --- [wofertas-dev] [0.0-8080-exec-4] c.example.demo.security.JwtAuthFilter    : Usuário autenticado: mercado.web.20260526213915@teste.com
2026-05-26T21:39:18.205-03:00 DEBUG 19996 --- [wofertas-dev] [0.0-8080-exec-4] o.s.security.web.FilterChainProxy        : Secured GET /analytics/dashboard
2026-05-26T21:39:18.210-03:00  INFO 19996 --- [wofertas-dev] [0.0-8080-exec-4] c.e.demo.controller.AnalyticsController  : Gerando análise de clientes para o mercado: Mercado Web Smoke
2026-05-26T21:39:18.241-03:00 DEBUG 19996 --- [wofertas-dev] [0.0-8080-exec-6] o.s.security.web.FilterChainProxy        : Securing GET /api/analytics/ranking-mercados
2026-05-26T21:39:18.273-03:00 DEBUG 19996 --- [wofertas-dev] [0.0-8080-exec-6] c.example.demo.security.JwtAuthFilter    : Usuário autenticado: mercado.web.20260526213915@teste.com
2026-05-26T21:39:18.315-03:00 DEBUG 19996 --- [wofertas-dev] [0.0-8080-exec-6] o.s.security.web.FilterChainProxy        : Secured GET /api/analytics/ranking-mercados
2026-05-26T21:39:18.318-03:00  INFO 19996 --- [wofertas-dev] [0.0-8080-exec-6] c.e.demo.controller.AnalyticsController  : Buscando ranking geral de competitividade de supermercados...
2026-05-26T21:40:15.713-03:00 DEBUG 19996 --- [wofertas-dev] [0.0-8080-exec-5] o.s.security.web.FilterChainProxy        : Securing GET /js/api/client.js
2026-05-26T21:40:15.715-03:00 DEBUG 19996 --- [wofertas-dev] [0.0-8080-exec-5] o.s.s.w.a.AnonymousAuthenticationFilter  : Set SecurityContextHolder to anonymous SecurityContext
2026-05-26T21:40:15.716-03:00 DEBUG 19996 --- [wofertas-dev] [0.0-8080-exec-5] o.s.security.web.FilterChainProxy        : Secured GET /js/api/client.js
[INFO] ------------------------------------------------------------------------
[INFO] BUILD FAILURE
[INFO] ------------------------------------------------------------------------
[INFO] Total time:  05:13 min
[INFO] Finished at: 2026-05-26T21:43:26-03:00
[INFO] ------------------------------------------------------------------------
[ERROR] Failed to execute goal org.springframework.boot:spring-boot-maven-plugin:3.5.14:run (default-cli) on project demo: Process terminated with exit code: -1 -> [Help 1]
[ERROR] 
[ERROR] To see the full stack trace of the errors, re-run Maven with the -e switch.
[ERROR] Re-run Maven using the -X switch to enable full debug logging.
[ERROR] 
[ERROR] For more information about the errors and possible solutions, please read the following articles:
[ERROR] [Help 1] http://cwiki.apache.org/confluence/display/MAVEN/MojoExecutionException
